~~ Start logging ~~
2026-08-27 18:51:33.872 FUN _(≧∇≦」∠)_
2026-08-27 18:51:33.125 INFO Found the following version folder: ['1.0.1', '1.0.10', '1.0.11', '1.0.2', '1.0.3', '1.0.4', '1.0.5', '1.0.6', '1.0.7', '1.0.8', '1.0.9', '1.1.0', '1.1.1', '1.1.10', '1.1.11', '1.1.12', '1.1.13', '1.1.14', '1.1.2', '1.1.3', '1.1.4', '1.1.6', '1.1.7', '1.1.8', '1.1.9', '1.2.0', '1.2.1', '1.2.2', '1.2.3', '1.2.4', '1.2.5', '1.2.6', '1.2.7', '1.2.8', '1.2.9', '1.3.0', '1.3.1', '1.3.2', '1.3.3', '1.3.4', '1.3.5', '1.3.6', '1.3.7', '1.3.8', '1.3.9', '1.4.0', '1.4.1', '1.4.2', '1.4.3', '1.5.0', '1.5.1', '1.5.2', '1.6.0', '1.6.1', '1.6.2', '1.6.3', '1.6.4', '1.6.5', '1.6.6', '1.6.7', '1.6.8', '1.6.9', '1.7.0', '1.8.0', '1.9.0']
2026-08-27 18:51:33.128 VERBOSE Skip version 1.0.1, because it's not in the list of versions to be modified.
2026-08-27 18:51:33.130 VERBOSE Skip version 1.0.10, because it's not in the list of versions to be modified.
2026-08-27 18:51:33.132 VERBOSE Skip version 1.0.11, because it's not in the list of versions to be modified.
2026-08-27 18:51:33.135 VERBOSE Skip version 1.0.2, because it's not in the list of versions to be modified.
2026-08-27 18:51:33.137 VERBOSE Skip version 1.0.3, because it's not in the list of versions to be modified.
2026-08-27 18:51:33.139 VERBOSE Skip version 1.0.4, because it's not in the list of versions to be modified.
2026-08-27 18:51:33.141 VERBOSE Skip version 1.0.5, because it's not in the list of versions to be modified.
2026-08-27 18:51:33.143 VERBOSE Skip version 1.0.6, because it's not in the list of versions to be modified.
2026-08-27 18:51:33.145 VERBOSE Skip version 1.0.7, because it's not in the list of versions to be modified.
2026-08-27 18:51:33.147 VERBOSE Skip version 1.0.8, because it's not in the list of versions to be modified.
2026-08-27 18:51:33.149 VERBOSE Skip version 1.0.9, because it's not in the list of versions to be modified.
2026-08-27 18:51:33.152 VERBOSE Skip version 1.1.0, because it's not in the list of versions to be modified.
2026-08-27 18:51:33.154 VERBOSE Skip version 1.1.1, because it's not in the list of versions to be modified.
2026-08-27 18:51:33.156 VERBOSE Skip version 1.1.10, because it's not in the list of versions to be modified.
2026-08-27 18:51:33.159 VERBOSE Skip version 1.1.11, because it's not in the list of versions to be modified.
2026-08-27 18:51:33.161 VERBOSE Skip version 1.1.12, because it's not in the list of versions to be modified.
2026-08-27 18:51:33.163 VERBOSE Skip version 1.1.13, because it's not in the list of versions to be modified.
2026-08-27 18:51:33.166 VERBOSE Skip version 1.1.14, because it's not in the list of versions to be modified.
2026-08-27 18:51:33.168 VERBOSE Skip version 1.1.2, because it's not in the list of versions to be modified.
2026-08-27 18:51:33.170 VERBOSE Skip version 1.1.3, because it's not in the list of versions to be modified.
2026-08-27 18:51:33.173 VERBOSE Skip version 1.1.4, because it's not in the list of versions to be modified.
2026-08-27 18:51:33.175 VERBOSE Skip version 1.1.6, because it's not in the list of versions to be modified.
2026-08-27 18:51:33.177 VERBOSE Skip version 1.1.7, because it's not in the list of versions to be modified.
2026-08-27 18:51:33.180 VERBOSE Skip version 1.1.8, because it's not in the list of versions to be modified.
2026-08-27 18:51:33.184 VERBOSE Skip version 1.1.9, because it's not in the list of versions to be modified.
2026-08-27 18:51:33.187 VERBOSE Skip version 1.2.0, because it's not in the list of versions to be modified.
2026-08-27 18:51:33.194 VERBOSE Skip version 1.2.1, because it's not in the list of versions to be modified.
2026-08-27 18:51:33.197 VERBOSE Skip version 1.2.2, because it's not in the list of versions to be modified.
2026-08-27 18:51:33.202 VERBOSE Skip version 1.2.3, because it's not in the list of versions to be modified.
2026-08-27 18:51:33.204 VERBOSE Skip version 1.2.4, because it's not in the list of versions to be modified.
2026-08-27 18:51:33.208 VERBOSE Skip version 1.2.5, because it's not in the list of versions to be modified.
2026-08-27 18:51:33.211 VERBOSE Skip version 1.2.6, because it's not in the list of versions to be modified.
2026-08-27 18:51:33.215 VERBOSE Skip version 1.2.7, because it's not in the list of versions to be modified.
2026-08-27 18:51:33.217 VERBOSE Skip version 1.2.8, because it's not in the list of versions to be modified.
2026-08-27 18:51:33.220 VERBOSE Skip version 1.2.9, because it's not in the list of versions to be modified.
2026-08-27 18:51:33.225 VERBOSE Skip version 1.3.0, because it's not in the list of versions to be modified.
2026-08-27 18:51:33.228 VERBOSE Skip version 1.3.1, because it's not in the list of versions to be modified.
2026-08-27 18:51:33.231 VERBOSE Skip version 1.3.2, because it's not in the list of versions to be modified.
2026-08-27 18:51:33.233 VERBOSE Skip version 1.3.3, because it's not in the list of versions to be modified.
2026-08-27 18:51:33.236 VERBOSE Skip version 1.3.4, because it's not in the list of versions to be modified.
2026-08-27 18:51:33.239 VERBOSE Skip version 1.3.5, because it's not in the list of versions to be modified.
2026-08-27 18:51:33.243 VERBOSE Skip version 1.3.6, because it's not in the list of versions to be modified.
2026-08-27 18:51:33.246 VERBOSE Skip version 1.3.7, because it's not in the list of versions to be modified.
2026-08-27 18:51:33.248 VERBOSE Skip version 1.3.8, because it's not in the list of versions to be modified.
2026-08-27 18:51:33.252 VERBOSE Skip version 1.3.9, because it's not in the list of versions to be modified.
2026-08-27 18:51:33.257 VERBOSE Skip version 1.4.0, because it's not in the list of versions to be modified.
2026-08-27 18:51:33.262 VERBOSE Skip version 1.4.1, because it's not in the list of versions to be modified.
2026-08-27 18:51:33.265 VERBOSE Skip version 1.4.2, because it's not in the list of versions to be modified.
2026-08-27 18:51:33.268 VERBOSE Skip version 1.4.3, because it's not in the list of versions to be modified.
2026-08-27 18:51:33.272 VERBOSE Skip version 1.5.0, because it's not in the list of versions to be modified.
2026-08-27 18:51:33.275 VERBOSE Skip version 1.5.1, because it's not in the list of versions to be modified.
2026-08-27 18:51:33.279 VERBOSE Skip version 1.5.2, because it's not in the list of versions to be modified.
2026-08-27 18:51:33.281 VERBOSE Skip version 1.6.0, because it's not in the list of versions to be modified.
2026-08-27 18:51:33.284 VERBOSE Skip version 1.6.1, because it's not in the list of versions to be modified.
2026-08-27 18:51:33.287 VERBOSE Skip version 1.6.2, because it's not in the list of versions to be modified.
2026-08-27 18:51:33.291 VERBOSE Skip version 1.6.3, because it's not in the list of versions to be modified.
2026-08-27 18:51:33.295 VERBOSE Skip version 1.6.4, because it's not in the list of versions to be modified.
2026-08-27 18:51:33.298 VERBOSE Skip version 1.6.5, because it's not in the list of versions to be modified.
2026-08-27 18:51:33.300 VERBOSE Skip version 1.6.6, because it's not in the list of versions to be modified.
2026-08-27 18:51:33.302 VERBOSE Skip version 1.6.7, because it's not in the list of versions to be modified.
2026-08-27 18:51:33.306 VERBOSE Skip version 1.6.8, because it's not in the list of versions to be modified.
2026-08-27 18:51:33.309 VERBOSE Skip version 1.6.9, because it's not in the list of versions to be modified.
2026-08-27 18:51:33.313 VERBOSE Skip version 1.7.0, because it's not in the list of versions to be modified.
2026-08-27 18:51:33.316 VERBOSE Skip version 1.8.0, because it's not in the list of versions to be modified.
2026-08-27 18:51:33.318 INFO Processing version folder: 1.9.0
2026-08-27 18:51:33.320 INFO   Create and checkout to a new branch: New-Version-DuckStudio.Sundry-1.9.0-1787827893
2026-08-27 18:51:50.539 INFO   Processing of manifest: D:\...\winget-pkgs\manifests\d\DuckStudio\Sundry\1.9.0\DuckStudio.Sundry.installer.yaml
2026-08-27 18:51:50.542 INFO     The manifest file has been saved as: D:\...\winget-pkgs\manifests\d\DuckStudio\Sundry\1.9.0\DuckStudio.Sundry.installer.yaml
2026-08-27 18:51:51.974 INFO   Processing of manifest: D:\...\winget-pkgs\manifests\d\DuckStudio\Sundry\1.9.0\DuckStudio.Sundry.locale.en-US.yaml
2026-08-27 18:51:51.233 INFO     The manifest file has been saved as: D:\...\winget-pkgs\manifests\d\DuckStudio\Sundry\1.9.0\DuckStudio.Sundry.locale.en-US.yaml
2026-08-27 18:51:51.194 INFO   Processing of manifest: D:\...\winget-pkgs\manifests\d\DuckStudio\Sundry\1.9.0\DuckStudio.Sundry.locale.zh-CN.yaml
2026-08-27 18:51:51.205 INFO     The manifest file has been saved as: D:\...\winget-pkgs\manifests\d\DuckStudio\Sundry\1.9.0\DuckStudio.Sundry.locale.zh-CN.yaml
2026-08-27 18:51:51.386 INFO   Processing of manifest: D:\...\winget-pkgs\manifests\d\DuckStudio\Sundry\1.9.0\DuckStudio.Sundry.yaml
2026-08-27 18:51:51.390 INFO     The manifest file has been saved as: D:\...\winget-pkgs\manifests\d\DuckStudio\Sundry\1.9.0\DuckStudio.Sundry.yaml
2026-08-27 18:51:51.553 INFO   New manifests in D:\...\winget-pkgs\manifests\d\DuckStudio\Sundry\1.9.0 for DuckStudio.Sundry (1.9.0)
2026-08-27 18:53:59.970 INFO Manifest validation succeeded with "sundry validate".
2026-08-27 18:53:59.973 INFO   Staging and Committing Changes to Git
2026-08-27 18:54:29.560 INFO     Commit message: New version: DuckStudio.Sundry version 1.9.0 (Auto)
2026-08-27 18:59:25.128 INFO   Pushing changes to remote (origin) repository
2026-08-27 18:59:31.927 INFO     Successfully pushed to remote (origin): New-Version-DuckStudio.Sundry-1.9.0-1787827893
2026-08-27 18:59:34.260 INFO All manifests have been modified and pushed through.
2026-08-27 18:59:48.233 INFO Workspace clean-up completed.
~~ End of logging ~~
