~~ Start logging ~~
2026-08-28 21:29:27.719 FUN (/≧▽≦)/
2026-08-28 21:29:27.744 INFO Found the following version folder: ['1.0.1', '1.0.10', '1.0.11', '1.0.2', '1.0.3', '1.0.4', '1.0.5', '1.0.6', '1.0.7', '1.0.8', '1.0.9', '1.1.0', '1.1.1', '1.1.10', '1.1.11', '1.1.12', '1.1.13', '1.1.14', '1.1.2', '1.1.3', '1.1.4', '1.1.6', '1.1.7', '1.1.8', '1.1.9', '1.2.0', '1.2.1', '1.2.2', '1.2.3', '1.2.4', '1.2.5', '1.2.6', '1.2.7', '1.2.8', '1.2.9', '1.3.0', '1.3.1', '1.3.2', '1.3.3', '1.3.4', '1.3.5', '1.3.6', '1.3.7', '1.3.8', '1.3.9', '1.4.0', '1.4.1', '1.4.2', '1.4.3', '1.5.0', '1.5.1', '1.5.2', '1.6.0', '1.6.1', '1.6.2', '1.6.3', '1.6.4', '1.6.5', '1.6.6', '1.6.7', '1.6.8', '1.6.9', '1.7.0', '1.8.0', '1.9.2']
2026-08-28 21:29:27.747 VERBOSE Skip version 1.0.1, because it's not in the list of versions to be modified.
2026-08-28 21:29:27.748 VERBOSE Skip version 1.0.10, because it's not in the list of versions to be modified.
2026-08-28 21:29:27.750 VERBOSE Skip version 1.0.11, because it's not in the list of versions to be modified.
2026-08-28 21:29:27.753 VERBOSE Skip version 1.0.2, because it's not in the list of versions to be modified.
2026-08-28 21:29:27.755 VERBOSE Skip version 1.0.3, because it's not in the list of versions to be modified.
2026-08-28 21:29:27.757 VERBOSE Skip version 1.0.4, because it's not in the list of versions to be modified.
2026-08-28 21:29:27.758 VERBOSE Skip version 1.0.5, because it's not in the list of versions to be modified.
2026-08-28 21:29:27.760 VERBOSE Skip version 1.0.6, because it's not in the list of versions to be modified.
2026-08-28 21:29:27.762 VERBOSE Skip version 1.0.7, because it's not in the list of versions to be modified.
2026-08-28 21:29:27.764 VERBOSE Skip version 1.0.8, because it's not in the list of versions to be modified.
2026-08-28 21:29:27.766 VERBOSE Skip version 1.0.9, because it's not in the list of versions to be modified.
2026-08-28 21:29:27.768 VERBOSE Skip version 1.1.0, because it's not in the list of versions to be modified.
2026-08-28 21:29:27.771 VERBOSE Skip version 1.1.1, because it's not in the list of versions to be modified.
2026-08-28 21:29:27.773 VERBOSE Skip version 1.1.10, because it's not in the list of versions to be modified.
2026-08-28 21:29:27.774 VERBOSE Skip version 1.1.11, because it's not in the list of versions to be modified.
2026-08-28 21:29:27.776 VERBOSE Skip version 1.1.12, because it's not in the list of versions to be modified.
2026-08-28 21:29:27.777 VERBOSE Skip version 1.1.13, because it's not in the list of versions to be modified.
2026-08-28 21:29:27.778 VERBOSE Skip version 1.1.14, because it's not in the list of versions to be modified.
2026-08-28 21:29:27.780 VERBOSE Skip version 1.1.2, because it's not in the list of versions to be modified.
2026-08-28 21:29:27.781 VERBOSE Skip version 1.1.3, because it's not in the list of versions to be modified.
2026-08-28 21:29:27.783 VERBOSE Skip version 1.1.4, because it's not in the list of versions to be modified.
2026-08-28 21:29:27.785 VERBOSE Skip version 1.1.6, because it's not in the list of versions to be modified.
2026-08-28 21:29:27.787 VERBOSE Skip version 1.1.7, because it's not in the list of versions to be modified.
2026-08-28 21:29:27.789 VERBOSE Skip version 1.1.8, because it's not in the list of versions to be modified.
2026-08-28 21:29:27.790 VERBOSE Skip version 1.1.9, because it's not in the list of versions to be modified.
2026-08-28 21:29:27.792 VERBOSE Skip version 1.2.0, because it's not in the list of versions to be modified.
2026-08-28 21:29:27.793 VERBOSE Skip version 1.2.1, because it's not in the list of versions to be modified.
2026-08-28 21:29:27.794 VERBOSE Skip version 1.2.2, because it's not in the list of versions to be modified.
2026-08-28 21:29:27.796 VERBOSE Skip version 1.2.3, because it's not in the list of versions to be modified.
2026-08-28 21:29:27.798 VERBOSE Skip version 1.2.4, because it's not in the list of versions to be modified.
2026-08-28 21:29:27.799 VERBOSE Skip version 1.2.5, because it's not in the list of versions to be modified.
2026-08-28 21:29:27.801 VERBOSE Skip version 1.2.6, because it's not in the list of versions to be modified.
2026-08-28 21:29:27.803 VERBOSE Skip version 1.2.7, because it's not in the list of versions to be modified.
2026-08-28 21:29:27.805 VERBOSE Skip version 1.2.8, because it's not in the list of versions to be modified.
2026-08-28 21:29:27.807 VERBOSE Skip version 1.2.9, because it's not in the list of versions to be modified.
2026-08-28 21:29:27.809 VERBOSE Skip version 1.3.0, because it's not in the list of versions to be modified.
2026-08-28 21:29:27.811 VERBOSE Skip version 1.3.1, because it's not in the list of versions to be modified.
2026-08-28 21:29:27.812 VERBOSE Skip version 1.3.2, because it's not in the list of versions to be modified.
2026-08-28 21:29:27.813 VERBOSE Skip version 1.3.3, because it's not in the list of versions to be modified.
2026-08-28 21:29:27.815 VERBOSE Skip version 1.3.4, because it's not in the list of versions to be modified.
2026-08-28 21:29:27.816 VERBOSE Skip version 1.3.5, because it's not in the list of versions to be modified.
2026-08-28 21:29:27.818 VERBOSE Skip version 1.3.6, because it's not in the list of versions to be modified.
2026-08-28 21:29:27.821 VERBOSE Skip version 1.3.7, because it's not in the list of versions to be modified.
2026-08-28 21:29:27.823 VERBOSE Skip version 1.3.8, because it's not in the list of versions to be modified.
2026-08-28 21:29:27.824 VERBOSE Skip version 1.3.9, because it's not in the list of versions to be modified.
2026-08-28 21:29:27.825 VERBOSE Skip version 1.4.0, because it's not in the list of versions to be modified.
2026-08-28 21:29:27.826 VERBOSE Skip version 1.4.1, because it's not in the list of versions to be modified.
2026-08-28 21:29:27.828 VERBOSE Skip version 1.4.2, because it's not in the list of versions to be modified.
2026-08-28 21:29:27.830 VERBOSE Skip version 1.4.3, because it's not in the list of versions to be modified.
2026-08-28 21:29:27.832 VERBOSE Skip version 1.5.0, because it's not in the list of versions to be modified.
2026-08-28 21:29:27.833 VERBOSE Skip version 1.5.1, because it's not in the list of versions to be modified.
2026-08-28 21:29:27.835 VERBOSE Skip version 1.5.2, because it's not in the list of versions to be modified.
2026-08-28 21:29:27.836 VERBOSE Skip version 1.6.0, because it's not in the list of versions to be modified.
2026-08-28 21:29:27.839 VERBOSE Skip version 1.6.1, because it's not in the list of versions to be modified.
2026-08-28 21:29:27.840 VERBOSE Skip version 1.6.2, because it's not in the list of versions to be modified.
2026-08-28 21:29:27.842 VERBOSE Skip version 1.6.3, because it's not in the list of versions to be modified.
2026-08-28 21:29:27.843 VERBOSE Skip version 1.6.4, because it's not in the list of versions to be modified.
2026-08-28 21:29:27.844 VERBOSE Skip version 1.6.5, because it's not in the list of versions to be modified.
2026-08-28 21:29:27.845 VERBOSE Skip version 1.6.6, because it's not in the list of versions to be modified.
2026-08-28 21:29:27.846 VERBOSE Skip version 1.6.7, because it's not in the list of versions to be modified.
2026-08-28 21:29:27.848 VERBOSE Skip version 1.6.8, because it's not in the list of versions to be modified.
2026-08-28 21:29:27.850 VERBOSE Skip version 1.6.9, because it's not in the list of versions to be modified.
2026-08-28 21:29:27.851 VERBOSE Skip version 1.7.0, because it's not in the list of versions to be modified.
2026-08-28 21:29:27.853 VERBOSE Skip version 1.8.0, because it's not in the list of versions to be modified.
2026-08-28 21:29:27.854 INFO Processing version folder: 1.9.2
2026-08-28 21:29:27.855 INFO   Create and checkout to a new branch: New-Version-DuckStudio.Sundry-1.9.2-1787923767
2026-08-28 21:29:43.672 INFO   Processing of manifest: D:\...\winget-pkgs\manifests\d\DuckStudio\Sundry\1.9.2\DuckStudio.Sundry.installer.yaml
2026-08-28 21:29:43.675 INFO     The manifest file has been saved as: D:\...\winget-pkgs\manifests\d\DuckStudio\Sundry\1.9.2\DuckStudio.Sundry.installer.yaml
2026-08-28 21:29:43.937 INFO   Processing of manifest: D:\...\winget-pkgs\manifests\d\DuckStudio\Sundry\1.9.2\DuckStudio.Sundry.locale.en-US.yaml
2026-08-28 21:29:43.941 INFO     The manifest file has been saved as: D:\...\winget-pkgs\manifests\d\DuckStudio\Sundry\1.9.2\DuckStudio.Sundry.locale.en-US.yaml
2026-08-28 21:29:44.101 INFO   Processing of manifest: D:\...\winget-pkgs\manifests\d\DuckStudio\Sundry\1.9.2\DuckStudio.Sundry.locale.zh-CN.yaml
2026-08-28 21:29:44.104 INFO     The manifest file has been saved as: D:\...\winget-pkgs\manifests\d\DuckStudio\Sundry\1.9.2\DuckStudio.Sundry.locale.zh-CN.yaml
2026-08-28 21:29:44.230 INFO   Processing of manifest: D:\...\winget-pkgs\manifests\d\DuckStudio\Sundry\1.9.2\DuckStudio.Sundry.yaml
2026-08-28 21:29:44.234 INFO     The manifest file has been saved as: D:\...\winget-pkgs\manifests\d\DuckStudio\Sundry\1.9.2\DuckStudio.Sundry.yaml
2026-08-28 21:29:44.398 INFO   New manifests in D:\...\winget-pkgs\manifests\d\DuckStudio\Sundry\1.9.2 for DuckStudio.Sundry (1.9.2)
2026-08-28 21:35:38.111 INFO The manifest failed to validate using "sundry validate".
2026-08-28 21:36:26.370 INFO Manifest Error Fixed.
2026-08-28 21:36:26.376 INFO   Staging and Committing Changes to Git
2026-08-28 21:36:58.516 INFO     Commit message: New version: DuckStudio.Sundry version 1.9.2 (Auto)
2026-08-28 21:37:15.307 INFO   Pushing changes to remote (origin) repository
2026-08-28 21:37:21.239 INFO     Successfully pushed to remote (origin): New-Version-DuckStudio.Sundry-1.9.2-1787923767
2026-08-28 21:37:23.803 INFO All manifests have been modified and pushed through.
2026-08-28 21:37:43.391 INFO Workspace clean-up completed.
~~ End of logging ~~
