~~ Start logging ~~
2026-09-16 07:57:48.735 FUN 服务器繁忙，请稍后再试。
2026-09-16 07:57:48.748 INFO Found the following version folder: ['0.9.0.20210627.1', '1.4.0', '2.0.0', '2.0.1', '2.0.3', '2.0.4', '2.0.5', '2.1.0', '2.1.1', '2.1.2', '2.1.3', '2.2.0', '2.3.0', '2.4.0', '2.5.0', '2.5.1', '2.5.2', '2.6.0', '2.6.1']
2026-09-16 07:57:48.750 VERBOSE Skip version 0.9.0.20210627.1, because it's not in the list of versions to be modified.
2026-09-16 07:57:48.752 VERBOSE Skip version 1.4.0, because it's not in the list of versions to be modified.
2026-09-16 07:57:48.754 VERBOSE Skip version 2.0.0, because it's not in the list of versions to be modified.
2026-09-16 07:57:48.756 VERBOSE Skip version 2.0.1, because it's not in the list of versions to be modified.
2026-09-16 07:57:48.758 VERBOSE Skip version 2.0.3, because it's not in the list of versions to be modified.
2026-09-16 07:57:48.761 VERBOSE Skip version 2.0.4, because it's not in the list of versions to be modified.
2026-09-16 07:57:48.763 VERBOSE Skip version 2.0.5, because it's not in the list of versions to be modified.
2026-09-16 07:57:48.765 VERBOSE Skip version 2.1.0, because it's not in the list of versions to be modified.
2026-09-16 07:57:48.767 VERBOSE Skip version 2.1.1, because it's not in the list of versions to be modified.
2026-09-16 07:57:48.769 VERBOSE Skip version 2.1.2, because it's not in the list of versions to be modified.
2026-09-16 07:57:48.771 VERBOSE Skip version 2.1.3, because it's not in the list of versions to be modified.
2026-09-16 07:57:48.773 VERBOSE Skip version 2.2.0, because it's not in the list of versions to be modified.
2026-09-16 07:57:48.775 VERBOSE Skip version 2.3.0, because it's not in the list of versions to be modified.
2026-09-16 07:57:48.777 VERBOSE Skip version 2.4.0, because it's not in the list of versions to be modified.
2026-09-16 07:57:48.779 VERBOSE Skip version 2.5.0, because it's not in the list of versions to be modified.
2026-09-16 07:57:48.782 VERBOSE Skip version 2.5.1, because it's not in the list of versions to be modified.
2026-09-16 07:57:48.784 VERBOSE Skip version 2.5.2, because it's not in the list of versions to be modified.
2026-09-16 07:57:48.786 VERBOSE Skip version 2.6.0, because it's not in the list of versions to be modified.
2026-09-16 07:57:48.787 INFO Processing version folder: 2.6.1
2026-09-16 07:57:48.788 INFO   Create and checkout to a new branch: New-Version-MarceloLvCabral.BrightScriptEmulator-2.6.1-1789516668
2026-09-16 07:58:02.424 INFO   Processing of manifest: D:\...\winget-pkgs\manifests\m\MarceloLvCabral\BrightScriptEmulator\2.6.1\MarceloLvCabral.BrightScriptEmulator.installer.yaml
2026-09-16 07:58:02.426 INFO     The manifest file has been saved as: D:\...\winget-pkgs\manifests\m\MarceloLvCabral\BrightScriptEmulator\2.6.1\MarceloLvCabral.BrightScriptEmulator.installer.yaml
2026-09-16 07:58:02.538 INFO   Processing of manifest: D:\...\winget-pkgs\manifests\m\MarceloLvCabral\BrightScriptEmulator\2.6.1\MarceloLvCabral.BrightScriptEmulator.locale.en-US.yaml
2026-09-16 07:58:02.541 INFO     The manifest file has been saved as: D:\...\winget-pkgs\manifests\m\MarceloLvCabral\BrightScriptEmulator\2.6.1\MarceloLvCabral.BrightScriptEmulator.locale.en-US.yaml
2026-09-16 07:58:02.661 INFO   Processing of manifest: D:\...\winget-pkgs\manifests\m\MarceloLvCabral\BrightScriptEmulator\2.6.1\MarceloLvCabral.BrightScriptEmulator.yaml
2026-09-16 07:58:02.665 INFO     The manifest file has been saved as: D:\...\winget-pkgs\manifests\m\MarceloLvCabral\BrightScriptEmulator\2.6.1\MarceloLvCabral.BrightScriptEmulator.yaml
2026-09-16 07:58:02.805 INFO   New manifests in D:\...\winget-pkgs\manifests\m\MarceloLvCabral\BrightScriptEmulator\2.6.1 for MarceloLvCabral.BrightScriptEmulator (2.6.1)
2026-09-16 07:58:58.598 INFO Manifest validation succeeded with "sundry validate".
2026-09-16 07:58:58.599 INFO   Staging and Committing Changes to Git
2026-09-16 07:59:15.139 INFO     Commit message: New version: MarceloLvCabral.BrightScriptEmulator version 2.6.1 (Auto)
2026-09-16 07:59:31.354 INFO   Pushing changes to remote (origin) repository
2026-09-16 07:59:37.305 INFO     Successfully pushed to remote (origin): New-Version-MarceloLvCabral.BrightScriptEmulator-2.6.1-1789516668
2026-09-16 07:59:39.901 INFO All manifests have been modified and pushed through.
2026-09-16 07:59:59.647 INFO Workspace clean-up completed.
~~ End of logging ~~
