~~ Start logging ~~
2026-08-22 14:18:03.321 FUN 虽然什么都没做，但还是辛苦我自己了。
2026-08-22 14:18:03.375 INFO Found the following version folder: ['1.0.1', '1.0.10', '1.0.11', '1.0.2', '1.0.3', '1.0.4', '1.0.5', '1.0.6', '1.0.7', '1.0.8', '1.0.9', '1.1.0', '1.1.1', '1.1.10', '1.1.11', '1.1.12', '1.1.13', '1.1.14', '1.1.2', '1.1.3', '1.1.4', '1.1.6', '1.1.7', '1.1.8', '1.1.9', '1.2.0', '1.2.1', '1.2.2', '1.2.3', '1.2.4', '1.2.5', '1.2.6', '1.2.7', '1.2.8', '1.2.9', '1.3.0', '1.3.1', '1.3.2', '1.3.3', '1.3.4', '1.3.5', '1.3.6', '1.3.7', '1.3.8', '1.3.9', '1.4.0', '1.4.1', '1.4.2', '1.4.3', '1.5.0', '1.5.1', '1.5.2', '1.6.0', '1.6.1', '1.6.2', '1.6.3', '1.6.4', '1.6.5', '1.6.6', '1.6.7', '1.6.8', '1.6.9', '1.7.0', '1.8.0', '1.8.1']
2026-08-22 14:18:03.378 VERBOSE Skip version 1.0.1, because it's not in the list of versions to be modified.
2026-08-22 14:18:03.381 VERBOSE Skip version 1.0.10, because it's not in the list of versions to be modified.
2026-08-22 14:18:03.383 VERBOSE Skip version 1.0.11, because it's not in the list of versions to be modified.
2026-08-22 14:18:03.386 VERBOSE Skip version 1.0.2, because it's not in the list of versions to be modified.
2026-08-22 14:18:03.389 VERBOSE Skip version 1.0.3, because it's not in the list of versions to be modified.
2026-08-22 14:18:03.392 VERBOSE Skip version 1.0.4, because it's not in the list of versions to be modified.
2026-08-22 14:18:03.394 VERBOSE Skip version 1.0.5, because it's not in the list of versions to be modified.
2026-08-22 14:18:03.398 VERBOSE Skip version 1.0.6, because it's not in the list of versions to be modified.
2026-08-22 14:18:03.403 VERBOSE Skip version 1.0.7, because it's not in the list of versions to be modified.
2026-08-22 14:18:03.406 VERBOSE Skip version 1.0.8, because it's not in the list of versions to be modified.
2026-08-22 14:18:03.408 VERBOSE Skip version 1.0.9, because it's not in the list of versions to be modified.
2026-08-22 14:18:03.411 VERBOSE Skip version 1.1.0, because it's not in the list of versions to be modified.
2026-08-22 14:18:03.414 VERBOSE Skip version 1.1.1, because it's not in the list of versions to be modified.
2026-08-22 14:18:03.417 VERBOSE Skip version 1.1.10, because it's not in the list of versions to be modified.
2026-08-22 14:18:03.420 VERBOSE Skip version 1.1.11, because it's not in the list of versions to be modified.
2026-08-22 14:18:03.422 VERBOSE Skip version 1.1.12, because it's not in the list of versions to be modified.
2026-08-22 14:18:03.425 VERBOSE Skip version 1.1.13, because it's not in the list of versions to be modified.
2026-08-22 14:18:03.427 VERBOSE Skip version 1.1.14, because it's not in the list of versions to be modified.
2026-08-22 14:18:03.430 VERBOSE Skip version 1.1.2, because it's not in the list of versions to be modified.
2026-08-22 14:18:03.433 VERBOSE Skip version 1.1.3, because it's not in the list of versions to be modified.
2026-08-22 14:18:03.436 VERBOSE Skip version 1.1.4, because it's not in the list of versions to be modified.
2026-08-22 14:18:03.439 VERBOSE Skip version 1.1.6, because it's not in the list of versions to be modified.
2026-08-22 14:18:03.442 VERBOSE Skip version 1.1.7, because it's not in the list of versions to be modified.
2026-08-22 14:18:03.445 VERBOSE Skip version 1.1.8, because it's not in the list of versions to be modified.
2026-08-22 14:18:03.450 VERBOSE Skip version 1.1.9, because it's not in the list of versions to be modified.
2026-08-22 14:18:03.453 VERBOSE Skip version 1.2.0, because it's not in the list of versions to be modified.
2026-08-22 14:18:03.455 VERBOSE Skip version 1.2.1, because it's not in the list of versions to be modified.
2026-08-22 14:18:03.458 VERBOSE Skip version 1.2.2, because it's not in the list of versions to be modified.
2026-08-22 14:18:03.460 VERBOSE Skip version 1.2.3, because it's not in the list of versions to be modified.
2026-08-22 14:18:03.463 VERBOSE Skip version 1.2.4, because it's not in the list of versions to be modified.
2026-08-22 14:18:03.467 VERBOSE Skip version 1.2.5, because it's not in the list of versions to be modified.
2026-08-22 14:18:03.469 VERBOSE Skip version 1.2.6, because it's not in the list of versions to be modified.
2026-08-22 14:18:03.472 VERBOSE Skip version 1.2.7, because it's not in the list of versions to be modified.
2026-08-22 14:18:03.474 VERBOSE Skip version 1.2.8, because it's not in the list of versions to be modified.
2026-08-22 14:18:03.476 VERBOSE Skip version 1.2.9, because it's not in the list of versions to be modified.
2026-08-22 14:18:03.479 VERBOSE Skip version 1.3.0, because it's not in the list of versions to be modified.
2026-08-22 14:18:03.482 VERBOSE Skip version 1.3.1, because it's not in the list of versions to be modified.
2026-08-22 14:18:03.484 VERBOSE Skip version 1.3.2, because it's not in the list of versions to be modified.
2026-08-22 14:18:03.486 VERBOSE Skip version 1.3.3, because it's not in the list of versions to be modified.
2026-08-22 14:18:03.489 VERBOSE Skip version 1.3.4, because it's not in the list of versions to be modified.
2026-08-22 14:18:03.491 VERBOSE Skip version 1.3.5, because it's not in the list of versions to be modified.
2026-08-22 14:18:03.494 VERBOSE Skip version 1.3.6, because it's not in the list of versions to be modified.
2026-08-22 14:18:03.499 VERBOSE Skip version 1.3.7, because it's not in the list of versions to be modified.
2026-08-22 14:18:03.502 VERBOSE Skip version 1.3.8, because it's not in the list of versions to be modified.
2026-08-22 14:18:03.505 VERBOSE Skip version 1.3.9, because it's not in the list of versions to be modified.
2026-08-22 14:18:03.508 VERBOSE Skip version 1.4.0, because it's not in the list of versions to be modified.
2026-08-22 14:18:03.510 VERBOSE Skip version 1.4.1, because it's not in the list of versions to be modified.
2026-08-22 14:18:03.514 VERBOSE Skip version 1.4.2, because it's not in the list of versions to be modified.
2026-08-22 14:18:03.517 VERBOSE Skip version 1.4.3, because it's not in the list of versions to be modified.
2026-08-22 14:18:03.521 VERBOSE Skip version 1.5.0, because it's not in the list of versions to be modified.
2026-08-22 14:18:03.523 VERBOSE Skip version 1.5.1, because it's not in the list of versions to be modified.
2026-08-22 14:18:03.526 VERBOSE Skip version 1.5.2, because it's not in the list of versions to be modified.
2026-08-22 14:18:03.532 VERBOSE Skip version 1.6.0, because it's not in the list of versions to be modified.
2026-08-22 14:18:03.534 VERBOSE Skip version 1.6.1, because it's not in the list of versions to be modified.
2026-08-22 14:18:03.537 VERBOSE Skip version 1.6.2, because it's not in the list of versions to be modified.
2026-08-22 14:18:03.540 VERBOSE Skip version 1.6.3, because it's not in the list of versions to be modified.
2026-08-22 14:18:03.543 VERBOSE Skip version 1.6.4, because it's not in the list of versions to be modified.
2026-08-22 14:18:03.546 VERBOSE Skip version 1.6.5, because it's not in the list of versions to be modified.
2026-08-22 14:18:03.549 VERBOSE Skip version 1.6.6, because it's not in the list of versions to be modified.
2026-08-22 14:18:03.552 VERBOSE Skip version 1.6.7, because it's not in the list of versions to be modified.
2026-08-22 14:18:03.554 VERBOSE Skip version 1.6.8, because it's not in the list of versions to be modified.
2026-08-22 14:18:03.556 VERBOSE Skip version 1.6.9, because it's not in the list of versions to be modified.
2026-08-22 14:18:03.559 VERBOSE Skip version 1.7.0, because it's not in the list of versions to be modified.
2026-08-22 14:18:03.561 VERBOSE Skip version 1.8.0, because it's not in the list of versions to be modified.
2026-08-22 14:18:03.566 INFO Processing version folder: 1.8.1
2026-08-22 14:18:03.568 INFO   Create and checkout to a new branch: New-Version-DuckStudio.Sundry-1.8.1-1787379483
2026-08-22 14:18:23.117 INFO   Processing of manifest: D:\...\winget-pkgs\manifests\d\DuckStudio\Sundry\1.8.1\DuckStudio.Sundry.installer.yaml
2026-08-22 14:18:23.120 INFO     The manifest file has been saved as: D:\...\winget-pkgs\manifests\d\DuckStudio\Sundry\1.8.1\DuckStudio.Sundry.installer.yaml
2026-08-22 14:18:23.466 INFO   Processing of manifest: D:\...\winget-pkgs\manifests\d\DuckStudio\Sundry\1.8.1\DuckStudio.Sundry.locale.en-US.yaml
2026-08-22 14:18:23.470 INFO     The manifest file has been saved as: D:\...\winget-pkgs\manifests\d\DuckStudio\Sundry\1.8.1\DuckStudio.Sundry.locale.en-US.yaml
2026-08-22 14:18:23.635 INFO   Processing of manifest: D:\...\winget-pkgs\manifests\d\DuckStudio\Sundry\1.8.1\DuckStudio.Sundry.locale.zh-CN.yaml
2026-08-22 14:18:23.639 INFO     The manifest file has been saved as: D:\...\winget-pkgs\manifests\d\DuckStudio\Sundry\1.8.1\DuckStudio.Sundry.locale.zh-CN.yaml
2026-08-22 14:18:23.811 INFO   Processing of manifest: D:\...\winget-pkgs\manifests\d\DuckStudio\Sundry\1.8.1\DuckStudio.Sundry.yaml
2026-08-22 14:18:23.816 INFO     The manifest file has been saved as: D:\...\winget-pkgs\manifests\d\DuckStudio\Sundry\1.8.1\DuckStudio.Sundry.yaml
2026-08-22 14:18:24.201 INFO   New manifests in D:\...\winget-pkgs\manifests\d\DuckStudio\Sundry\1.8.1 for DuckStudio.Sundry (1.8.1)
2026-08-22 14:29:00.447 INFO Manifest validation succeeded with "sundry validate".
2026-08-22 14:29:00.448 INFO   Staging and Committing Changes to Git
2026-08-22 14:29:27.423 INFO     Commit message: New version: DuckStudio.Sundry version 1.8.1 (Auto)
2026-08-22 14:29:43.910 INFO   Pushing changes to remote (origin) repository
2026-08-22 14:29:49.611 INFO     Successfully pushed to remote (origin): New-Version-DuckStudio.Sundry-1.8.1-1787379483
2026-08-22 14:29:51.811 INFO All manifests have been modified and pushed through.
2026-08-22 14:30:08.622 INFO Workspace clean-up completed.
~~ End of logging ~~
