~~ Start logging ~~
2026-08-22 14:30:26.889 FUN 凡是以各种名义发送不明链接，让你输入银行卡号、手机验证码和各种密码的，都是诈骗！
2026-08-22 14:30:26.913 INFO Found the following version folder: ['0.9.0.20210627.1', '1.4.0', '2.0.0', '2.0.1', '2.0.3', '2.0.4', '2.0.5', '2.1.0', '2.1.1', '2.1.2', '2.1.3', '2.2.0', '2.3.0', '2.4.0', '2.5.0', '2.5.1']
2026-08-22 14:30:26.919 VERBOSE Skip version 0.9.0.20210627.1, because it's not in the list of versions to be modified.
2026-08-22 14:30:26.925 VERBOSE Skip version 1.4.0, because it's not in the list of versions to be modified.
2026-08-22 14:30:26.929 VERBOSE Skip version 2.0.0, because it's not in the list of versions to be modified.
2026-08-22 14:30:26.933 VERBOSE Skip version 2.0.1, because it's not in the list of versions to be modified.
2026-08-22 14:30:26.937 VERBOSE Skip version 2.0.3, because it's not in the list of versions to be modified.
2026-08-22 14:30:26.940 VERBOSE Skip version 2.0.4, because it's not in the list of versions to be modified.
2026-08-22 14:30:26.943 VERBOSE Skip version 2.0.5, because it's not in the list of versions to be modified.
2026-08-22 14:30:26.945 VERBOSE Skip version 2.1.0, because it's not in the list of versions to be modified.
2026-08-22 14:30:26.949 VERBOSE Skip version 2.1.1, because it's not in the list of versions to be modified.
2026-08-22 14:30:26.952 VERBOSE Skip version 2.1.2, because it's not in the list of versions to be modified.
2026-08-22 14:30:26.955 VERBOSE Skip version 2.1.3, because it's not in the list of versions to be modified.
2026-08-22 14:30:26.959 VERBOSE Skip version 2.2.0, because it's not in the list of versions to be modified.
2026-08-22 14:30:26.961 VERBOSE Skip version 2.3.0, because it's not in the list of versions to be modified.
2026-08-22 14:30:26.966 VERBOSE Skip version 2.4.0, because it's not in the list of versions to be modified.
2026-08-22 14:30:26.968 VERBOSE Skip version 2.5.0, because it's not in the list of versions to be modified.
2026-08-22 14:30:26.970 INFO Processing version folder: 2.5.1
2026-08-22 14:30:26.971 INFO   Create and checkout to a new branch: New-Version-MarceloLvCabral.BrightScriptEmulator-2.5.1-1787380226
2026-08-22 14:30:44.968 INFO   Processing of manifest: D:\...\winget-pkgs\manifests\m\MarceloLvCabral\BrightScriptEmulator\2.5.1\MarceloLvCabral.BrightScriptEmulator.installer.yaml
2026-08-22 14:30:44.972 INFO     The manifest file has been saved as: D:\...\winget-pkgs\manifests\m\MarceloLvCabral\BrightScriptEmulator\2.5.1\MarceloLvCabral.BrightScriptEmulator.installer.yaml
2026-08-22 14:30:45.134 INFO   Processing of manifest: D:\...\winget-pkgs\manifests\m\MarceloLvCabral\BrightScriptEmulator\2.5.1\MarceloLvCabral.BrightScriptEmulator.locale.en-US.yaml
2026-08-22 14:30:45.138 INFO     The manifest file has been saved as: D:\...\winget-pkgs\manifests\m\MarceloLvCabral\BrightScriptEmulator\2.5.1\MarceloLvCabral.BrightScriptEmulator.locale.en-US.yaml
2026-08-22 14:30:45.301 INFO   Processing of manifest: D:\...\winget-pkgs\manifests\m\MarceloLvCabral\BrightScriptEmulator\2.5.1\MarceloLvCabral.BrightScriptEmulator.yaml
2026-08-22 14:30:45.304 INFO     The manifest file has been saved as: D:\...\winget-pkgs\manifests\m\MarceloLvCabral\BrightScriptEmulator\2.5.1\MarceloLvCabral.BrightScriptEmulator.yaml
2026-08-22 14:30:45.505 INFO   New manifests in D:\...\winget-pkgs\manifests\m\MarceloLvCabral\BrightScriptEmulator\2.5.1 for MarceloLvCabral.BrightScriptEmulator (2.5.1)
2026-08-22 14:32:35.239 INFO Manifest validation succeeded with "sundry validate".
2026-08-22 14:32:35.388 INFO   Staging and Committing Changes to Git
2026-08-22 14:32:51.221 INFO     Commit message: New version: MarceloLvCabral.BrightScriptEmulator version 2.5.1 (Auto)
2026-08-22 14:36:59.779 INFO   Pushing changes to remote (origin) repository
2026-08-22 14:37:05.286 INFO     Successfully pushed to remote (origin): New-Version-MarceloLvCabral.BrightScriptEmulator-2.5.1-1787380226
2026-08-22 14:37:07.540 INFO All manifests have been modified and pushed through.
2026-08-22 14:37:21.955 INFO Workspace clean-up completed.
~~ End of logging ~~
