~~ Start logging ~~
2026-09-18 13:59:37.242 FUN 唉乌蒙吃。
2026-09-18 13:59:37.248 INFO Found the following version folder: ['2.0.7', '2.0.8', '2.1.0', '2.1.1', '2.1.2', '2.1.3', '2.1.4', '2.1.5', '2.1.6']
2026-09-18 13:59:37.250 VERBOSE Skip version 2.0.7, because it's not in the list of versions to be modified.
2026-09-18 13:59:37.252 INFO Processing version folder: 2.0.8
2026-09-18 13:59:37.254 INFO   Create and checkout to a new branch: New-Version-GoshsLabs.Goshs-2.0.8-1789711177
2026-09-18 13:59:55.260 INFO   Processing of manifest: D:\...\winget-pkgs\manifests\g\GoshsLabs\Goshs\2.0.8\GoshsLabs.Goshs.installer.yaml
2026-09-18 13:59:55.264 INFO     The manifest file has been saved as: D:\...\winget-pkgs\manifests\g\GoshsLabs\Goshs\2.0.8\GoshsLabs.Goshs.installer.yaml
2026-09-18 13:59:55.603 INFO   Processing of manifest: D:\...\winget-pkgs\manifests\g\GoshsLabs\Goshs\2.0.8\GoshsLabs.Goshs.locale.en-US.yaml
2026-09-18 13:59:55.612 INFO     The manifest file has been saved as: D:\...\winget-pkgs\manifests\g\GoshsLabs\Goshs\2.0.8\GoshsLabs.Goshs.locale.en-US.yaml
2026-09-18 13:59:55.811 INFO   Processing of manifest: D:\...\winget-pkgs\manifests\g\GoshsLabs\Goshs\2.0.8\GoshsLabs.Goshs.yaml
2026-09-18 13:59:55.819 INFO     The manifest file has been saved as: D:\...\winget-pkgs\manifests\g\GoshsLabs\Goshs\2.0.8\GoshsLabs.Goshs.yaml
2026-09-18 13:59:56.816 INFO   New manifests in D:\...\winget-pkgs\manifests\g\GoshsLabs\Goshs\2.0.8 for GoshsLabs.Goshs (2.0.8)
2026-09-18 14:02:06.295 INFO Manifest validation succeeded with "sundry validate".
2026-09-18 14:02:06.297 INFO   Staging and Committing Changes to Git
2026-09-18 14:02:26.371 INFO     Commit message: New version: GoshsLabs.Goshs version 2.0.8 (Auto)
2026-09-18 14:02:45.545 INFO   Pushing changes to remote (origin) repository
2026-09-18 14:02:51.866 INFO     Successfully pushed to remote (origin): New-Version-GoshsLabs.Goshs-2.0.8-1789711177
2026-09-18 14:02:54.236 VERBOSE Skip version 2.1.0, because it's not in the list of versions to be modified.
2026-09-18 14:02:54.240 VERBOSE Skip version 2.1.1, because it's not in the list of versions to be modified.
2026-09-18 14:02:54.243 VERBOSE Skip version 2.1.2, because it's not in the list of versions to be modified.
2026-09-18 14:02:54.247 VERBOSE Skip version 2.1.3, because it's not in the list of versions to be modified.
2026-09-18 14:02:54.251 VERBOSE Skip version 2.1.4, because it's not in the list of versions to be modified.
2026-09-18 14:02:54.254 VERBOSE Skip version 2.1.5, because it's not in the list of versions to be modified.
2026-09-18 14:02:54.257 VERBOSE Skip version 2.1.6, because it's not in the list of versions to be modified.
2026-09-18 14:02:54.259 INFO All manifests have been modified and pushed through.
2026-09-18 14:03:12.843 INFO Workspace clean-up completed.
~~ End of logging ~~
